]0;~/Desktop/Flaredown Prediction/Flaredown-Prediction[?1034hCassandras-Air:Flaredown-Prediction cassandrabayer$ [KCassandras-Air:Flaredown-Prediction cassandrabayer$ git status
On branch master
Untracked files:
  (use "git add <file>..." to include in what will be committed)

	[31m.Rproj.user/[m
	[31mFlaredown-Prediction.Rproj[m

nothing added to commit but untracked files present (use "git add" to track)
]0;~/Desktop/Flaredown Prediction/Flaredown-PredictionCassandras-Air:Flaredown-Prediction cassandrabayer$ git add .
]0;~/Desktop/Flaredown Prediction/Flaredown-PredictionCassandras-Air:Flaredown-Prediction cassandrabayer$ commencing
bash: commencing: command not found
]0;~/Desktop/Flaredown Prediction/Flaredown-PredictionCassandras-Air:Flaredown-Prediction cassandrabayer$ git commit -m "commencing"
[master 212fbca] commencing
 5 files changed, 24 insertions(+)
 create mode 100644 .Rproj.user/79FC296B/console06/53B5F661
 create mode 100644 .Rproj.user/79FC296B/console06/INDEX001
 create mode 100644 .Rproj.user/79FC296B/sources/s-48CB19CE/lock_file
 create mode 100644 .Rproj.user/shared/notebooks/patch-chunk-names
 create mode 100644 Flaredown-Prediction.Rproj
git status
On branch master
Changes not staged for commit:
  (use "git add/rm <file>..." to update what will be committed)
  (use "git checkout -- <file>..." to discard changes in working directory)

	[31mmodified:   .Rproj.user/79FC296B/console06/53B5F661[m
	[31mmodified:   .Rproj.user/79FC296B/console06/INDEX001[m
	[31mdeleted:    .Rproj.user/79FC296B/sources/s-48CB19CE/lock_file[m

Untracked files:
  (use "git add <file>..." to include in what will be committed)

	[31m.Rproj.user/79FC296B/console06/53B5F661.env[m
	[31m.Rproj.user/79FC296B/sources/s-A5C5546A/[m
	[31mController.R[m

no changes added to commit (use "git add" and/or "git commit -a")
]0;~/Desktop/Flaredown Prediction/Flaredown-PredictionCassandras-Air:Flaredown-Prediction cassandrabayer$ git add .
]0;~/Desktop/Flaredown Prediction/Flaredown-PredictionCassandras-Air:Flaredown-Prediction cassandrabayer$ git commit -m "picking back up work 06/23/18"
[master fe2999f] picking back up work 06/23/18
 5 files changed, 179 insertions(+), 2 deletions(-)
 create mode 100644 .Rproj.user/79FC296B/console06/53B5F661.env
 rewrite .Rproj.user/79FC296B/console06/INDEX001 (87%)
 rename .Rproj.user/79FC296B/sources/{s-48CB19CE => s-A5C5546A}/lock_file (100%)
 create mode 100644 Controller.R
]0;~/Desktop/Flaredown Prediction/Flaredown-PredictionCassandras-Air:Flaredown-Prediction cassandrabayer$ git push origin master
fatal: 'origin' does not appear to be a git repository
fatal: Could not read from remote repository.

Please make sure you have the correct access rights
and the repository exists.
]0;~/Desktop/Flaredown Prediction/Flaredown-PredictionCassandras-Air:Flaredown-Prediction cassandrabayer$ c[Kgit status
On branch master
Your branch is up-to-date with 'origin/master'.
Changes not staged for commit:
  (use "git add <file>..." to update what will be committed)
  (use "git checkout -- <file>..." to discard changes in working directory)

	[31mmodified:   .Rproj.user/79FC296B/console06/53B5F661[m

no changes added to commit (use "git add" and/or "git commit -a")
]0;~/Desktop/Flaredown Prediction/Flaredown-PredictionCassandras-Air:Flaredown-Prediction cassandrabayer$ git add .
]0;~/Desktop/Flaredown Prediction/Flaredown-PredictionCassandras-Air:Flaredown-Prediction cassandrabayer$ git commit -m "test"
[master ab10acb] test
 1 file changed, 11 insertions(+), 1 deletion(-)
]0;~/Desktop/Flaredown Prediction/Flaredown-PredictionCassandras-Air:Flaredown-Prediction cassandrabayer$ git puhs[K[Ksh origin master
git: 'credential-C17a20K22!' is not a git command. See 'git --help'.
Counting objects: 6, done.
Delta compression using up to 4 threads.
Compressing objects:  16% (1/6)   Compressing objects:  33% (2/6)   Compressing objects:  50% (3/6)   Compressing objects:  66% (4/6)   Compressing objects:  83% (5/6)   Compressing objects: 100% (6/6)   Compressing objects: 100% (6/6), done.
Writing objects:  16% (1/6)   Writing objects:  33% (2/6)   Writing objects:  50% (3/6)   Writing objects:  66% (4/6)   Writing objects:  83% (5/6)   Writing objects: 100% (6/6)   Writing objects: 100% (6/6), 625 bytes | 0 bytes/s, done.
Total 6 (delta 2), reused 0 (delta 0)
remote: Resolving deltas:   0% (0/2)   [Kremote: Resolving deltas:  50% (1/2)   [Kremote: Resolving deltas: 100% (2/2)   [Kremote: Resolving deltas: 100% (2/2), completed with 2 local objects.[K
To https://github.com/cassandrabayer/Flaredown-Prediction.git
   ce1e3c3..ab10acb  master -> master
]0;~/Desktop/Flaredown Prediction/Flaredown-PredictionCassandras-Air:Flaredown-Prediction cassandrabayer$ [KCassandras-Air:Flaredown-Prediction cassandrabayer$ git status
On branch master
Your branch is behind 'origin/master' by 1 commit, and can be fast-forwarded.
  (use "git pull" to update your local branch)
Changes not staged for commit:
  (use "git add <file>..." to update what will be committed)
  (use "git checkout -- <file>..." to discard changes in working directory)

	[31mmodified:   .Rproj.user/79FC296B/console06/53B5F661[m
	[31mmodified:   .Rproj.user/79FC296B/console06/INDEX001[m

Untracked files:
  (use "git add <file>..." to include in what will be committed)

	[31m.Rproj.user/79FC296B/sources/prop/[m
	[31m.Rproj.user/79FC296B/sources/s-A5C5546A/4BF07B85[m
	[31m.Rproj.user/79FC296B/sources/s-A5C5546A/4BF07B85-contents[m
	[31m.Rproj.user/79FC296B/sources/s-A5C5546A/F4F87C68[m
	[31m.Rproj.user/79FC296B/sources/s-A5C5546A/F4F87C68-contents[m
	[31m.Rproj.user/shared/notebooks/paths[m

no changes added to commit (use "git add" and/or "git commit -a")
]0;~/Desktop/Flaredown Prediction/Flaredown-PredictionCassandras-Air:Flaredown-Prediction cassandrabayer$ git add .