]0;~/Desktop/Flaredown Prediction/Flaredown-Prediction[?1034hCassandras-MacBook-Air:Flaredown-Prediction cassandrabayer$ [KCassandras-MacBook-Air:Flaredown-Prediction cassandrabayer$ GIT STAT[K[K[K[K[K[K[K[Kgit status
On branch master
Your branch is up-to-date with 'origin/master'.
Changes not staged for commit:
  (use "git add <file>..." to update what will be committed)
  (use "git checkout -- <file>..." to discard changes in working directory)

	[31mmodified:   .Rproj.user/79FC296B/console06/53B5F661[m
	[31mmodified:   .Rproj.user/79FC296B/console06/INDEX001[m
	[31mmodified:   .Rproj.user/79FC296B/sources/prop/8217EBF5[m
	[31mmodified:   .Rproj.user/79FC296B/sources/prop/A68FDB03[m
	[31mmodified:   .Rproj.user/79FC296B/sources/s-A5C5546A/4BF07B85[m
	[31mmodified:   .Rproj.user/79FC296B/sources/s-A5C5546A/4BF07B85-contents[m
	[31mmodified:   .Rproj.user/79FC296B/sources/s-A5C5546A/F4F87C68[m
	[31mmodified:   .Rproj.user/79FC296B/sources/s-A5C5546A/F4F87C68-contents[m
	[31mmodified:   Controller.R[m

Untracked files:
  (use "git add <file>..." to include in what will be committed)

	[31m.Rproj.user/79FC296B/console06/623F3524[m
	[31m.Rproj.user/79FC296B/pcs/[m
	[31m.Rproj.user/79FC296B/persistent-state[m
	[31m.Rproj.user/79FC296B/rmd-outputs[m
	[31m.Rproj.user/79FC296B/saved_source_markers[m

no changes added to commit (use "git add" and/or "git commit -a")
]0;~/Desktop/Flaredown Prediction/Flaredown-PredictionCassandras-MacBook-Air:Flaredown-Prediction cassandrabayer$ git add .
]0;~/Desktop/Flaredown Prediction/Flaredown-PredictionCassandras-MacBook-Air:Flaredown-Prediction cassandrabayer$ git commit -m "facetted graphs [K"
[master f9a4a60] facetted graphs
 17 files changed, 101 insertions(+), 17 deletions(-)
 create mode 100644 .Rproj.user/79FC296B/console06/623F3524
 rewrite .Rproj.user/79FC296B/console06/INDEX001 (100%)
 create mode 100644 .Rproj.user/79FC296B/pcs/files-pane.pper
 create mode 100644 .Rproj.user/79FC296B/pcs/source-pane.pper
 create mode 100644 .Rproj.user/79FC296B/pcs/windowlayoutstate.pper
 create mode 100644 .Rproj.user/79FC296B/pcs/workbench-pane.pper
 create mode 100644 .Rproj.user/79FC296B/persistent-state
 create mode 100644 .Rproj.user/79FC296B/rmd-outputs
 create mode 100644 .Rproj.user/79FC296B/saved_source_markers
]0;~/Desktop/Flaredown Prediction/Flaredown-PredictionCassandras-MacBook-Air:Flaredown-Prediction cassandrabayer$ git status
On branch master
Your branch is ahead of 'origin/master' by 1 commit.
  (use "git push" to publish your local commits)
Changes not staged for commit:
  (use "git add <file>..." to update what will be committed)
  (use "git checkout -- <file>..." to discard changes in working directory)

	[31mmodified:   .Rproj.user/79FC296B/console06/623F3524[m
	[31mmodified:   .Rproj.user/79FC296B/sources/prop/A68FDB03[m
	[31mmodified:   .Rproj.user/79FC296B/sources/s-A5C5546A/F4F87C68[m
	[31mmodified:   .Rproj.user/79FC296B/sources/s-A5C5546A/F4F87C68-contents[m

Untracked files:
  (use "git add <file>..." to include in what will be committed)

	[31m.Rproj.user/79FC296B/console06/623F3524.env[m

no changes added to commit (use "git add" and/or "git commit -a")
]0;~/Desktop/Flaredown Prediction/Flaredown-PredictionCassandras-MacBook-Air:Flaredown-Prediction cassandrabayer$ git add .
]0;~/Desktop/Flaredown Prediction/Flaredown-PredictionCassandras-MacBook-Air:Flaredown-Prediction cassandrabayer$ git commit -m "tested for seasonality"
[master b36f21c] tested for seasonality
 5 files changed, 187 insertions(+), 11 deletions(-)
 create mode 100644 .Rproj.user/79FC296B/console06/623F3524.env
]0;~/Desktop/Flaredown Prediction/Flaredown-PredictionCassandras-MacBook-Air:Flaredown-Prediction cassandrabayer$ git status
On branch master
Your branch is up-to-date with 'origin/master'.
Changes not staged for commit:
  (use "git add <file>..." to update what will be committed)
  (use "git checkout -- <file>..." to discard changes in working directory)

	[31mmodified:   .Rproj.user/79FC296B/console06/623F3524[m
	[31mmodified:   .Rproj.user/79FC296B/sources/prop/8217EBF5[m
	[31mmodified:   .Rproj.user/79FC296B/sources/prop/A68FDB03[m
	[31mmodified:   .Rproj.user/79FC296B/sources/prop/INDEX[m
	[31mmodified:   .Rproj.user/79FC296B/sources/s-A5C5546A/4BF07B85[m
	[31mmodified:   .Rproj.user/79FC296B/sources/s-A5C5546A/4BF07B85-contents[m
	[31mmodified:   .Rproj.user/79FC296B/sources/s-A5C5546A/F4F87C68[m
	[31mmodified:   .Rproj.user/79FC296B/sources/s-A5C5546A/F4F87C68-contents[m
	[31mmodified:   .Rproj.user/shared/notebooks/paths[m
	[31mmodified:   Controller.R[m

Untracked files:
  (use "git add <file>..." to include in what will be committed)

	[31m.DS_Store[m
	[31m.Rproj.user/.DS_Store[m
	[31m.Rproj.user/79FC296B/sources/prop/1745F743[m
	[31m.Rproj.user/79FC296B/sources/prop/5AB2A1E2[m
	[31m.Rproj.user/79FC296B/sources/s-A5C5546A/51E28F70[m
	[31m.Rproj.user/79FC296B/sources/s-A5C5546A/51E28F70-contents[m
	[31m.Rproj.user/79FC296B/sources/s-A5C5546A/6EB4EF45-contents[m

no changes added to commit (use "git add" and/or "git commit -a")
]0;~/Desktop/Flaredown Prediction/Flaredown-PredictionCassandras-MacBook-Air:Flaredown-Prediction cassandrabayer$ git add .
]0;~/Desktop/Flaredown Prediction/Flaredown-PredictionCassandras-MacBook-Air:Flaredown-Prediction cassandrabayer$ git commit -m "switched directories"
[master ab85e6c] switched directories
 17 files changed, 220 insertions(+), 19 deletions(-)
 create mode 100644 .DS_Store
 create mode 100644 .Rproj.user/.DS_Store
 create mode 100644 .Rproj.user/79FC296B/sources/prop/1745F743
 create mode 100644 .Rproj.user/79FC296B/sources/prop/5AB2A1E2
 create mode 100644 .Rproj.user/79FC296B/sources/s-A5C5546A/51E28F70
 create mode 100644 .Rproj.user/79FC296B/sources/s-A5C5546A/51E28F70-contents
 create mode 100644 .Rproj.user/79FC296B/sources/s-A5C5546A/6EB4EF45-contents
]0;~/Desktop/Flaredown Prediction/Flaredown-PredictionCassandras-MacBook-Air:Flaredown-Prediction cassandrabayer$ git add .
