]0;~/Desktop/Flaredown Prediction/Flaredown-Prediction[?1034hCassandras-MacBook-Air:Flaredown-Prediction cassandrabayer$ [KCassandras-MacBook-Air:Flaredown-Prediction cassandrabayer$ GIT STAT[K[K[K[K[K[K[K[Kgit status
On branch master
Your branch is up-to-date with 'origin/master'.
Changes not staged for commit:
  (use "git add <file>..." to update what will be committed)
  (use "git checkout -- <file>..." to discard changes in working directory)

	[31mmodified:   .Rproj.user/79FC296B/console06/53B5F661[m
	[31mmodified:   .Rproj.user/79FC296B/console06/INDEX001[m
	[31mmodified:   .Rproj.user/79FC296B/sources/prop/8217EBF5[m
	[31mmodified:   .Rproj.user/79FC296B/sources/prop/A68FDB03[m
	[31mmodified:   .Rproj.user/79FC296B/sources/s-A5C5546A/4BF07B85[m
	[31mmodified:   .Rproj.user/79FC296B/sources/s-A5C5546A/4BF07B85-contents[m
	[31mmodified:   .Rproj.user/79FC296B/sources/s-A5C5546A/F4F87C68[m
	[31mmodified:   .Rproj.user/79FC296B/sources/s-A5C5546A/F4F87C68-contents[m
	[31mmodified:   Controller.R[m

Untracked files:
  (use "git add <file>..." to include in what will be committed)

	[31m.Rproj.user/79FC296B/console06/623F3524[m
	[31m.Rproj.user/79FC296B/pcs/[m
	[31m.Rproj.user/79FC296B/persistent-state[m
	[31m.Rproj.user/79FC296B/rmd-outputs[m
	[31m.Rproj.user/79FC296B/saved_source_markers[m

no changes added to commit (use "git add" and/or "git commit -a")
]0;~/Desktop/Flaredown Prediction/Flaredown-PredictionCassandras-MacBook-Air:Flaredown-Prediction cassandrabayer$ git add .
]0;~/Desktop/Flaredown Prediction/Flaredown-PredictionCassandras-MacBook-Air:Flaredown-Prediction cassandrabayer$ git commit -m "facetted graphs [K"
[master f9a4a60] facetted graphs
 17 files changed, 101 insertions(+), 17 deletions(-)
 create mode 100644 .Rproj.user/79FC296B/console06/623F3524
 rewrite .Rproj.user/79FC296B/console06/INDEX001 (100%)
 create mode 100644 .Rproj.user/79FC296B/pcs/files-pane.pper
 create mode 100644 .Rproj.user/79FC296B/pcs/source-pane.pper
 create mode 100644 .Rproj.user/79FC296B/pcs/windowlayoutstate.pper
 create mode 100644 .Rproj.user/79FC296B/pcs/workbench-pane.pper
 create mode 100644 .Rproj.user/79FC296B/persistent-state
 create mode 100644 .Rproj.user/79FC296B/rmd-outputs
 create mode 100644 .Rproj.user/79FC296B/saved_source_markers
]0;~/Desktop/Flaredown Prediction/Flaredown-PredictionCassandras-MacBook-Air:Flaredown-Prediction cassandrabayer$ git status
On branch master
Your branch is ahead of 'origin/master' by 1 commit.
  (use "git push" to publish your local commits)
Changes not staged for commit:
  (use "git add <file>..." to update what will be committed)
  (use "git checkout -- <file>..." to discard changes in working directory)

	[31mmodified:   .Rproj.user/79FC296B/console06/623F3524[m
	[31mmodified:   .Rproj.user/79FC296B/sources/prop/A68FDB03[m
	[31mmodified:   .Rproj.user/79FC296B/sources/s-A5C5546A/F4F87C68[m
	[31mmodified:   .Rproj.user/79FC296B/sources/s-A5C5546A/F4F87C68-contents[m

Untracked files:
  (use "git add <file>..." to include in what will be committed)

	[31m.Rproj.user/79FC296B/console06/623F3524.env[m

no changes added to commit (use "git add" and/or "git commit -a")
]0;~/Desktop/Flaredown Prediction/Flaredown-PredictionCassandras-MacBook-Air:Flaredown-Prediction cassandrabayer$ git add .
]0;~/Desktop/Flaredown Prediction/Flaredown-PredictionCassandras-MacBook-Air:Flaredown-Prediction cassandrabayer$ git commit -m "tested for seasonality"
[master b36f21c] tested for seasonality
 5 files changed, 187 insertions(+), 11 deletions(-)
 create mode 100644 .Rproj.user/79FC296B/console06/623F3524.env
]0;~/Desktop/Flaredown Prediction/Flaredown-PredictionCassandras-MacBook-Air:Flaredown-Prediction cassandrabayer$ git status
On branch master
Your branch is up-to-date with 'origin/master'.
Changes not staged for commit:
  (use "git add <file>..." to update what will be committed)
  (use "git checkout -- <file>..." to discard changes in working directory)

	[31mmodified:   .Rproj.user/79FC296B/console06/623F3524[m
	[31mmodified:   .Rproj.user/79FC296B/sources/prop/8217EBF5[m
	[31mmodified:   .Rproj.user/79FC296B/sources/prop/A68FDB03[m
	[31mmodified:   .Rproj.user/79FC296B/sources/prop/INDEX[m
	[31mmodified:   .Rproj.user/79FC296B/sources/s-A5C5546A/4BF07B85[m
	[31mmodified:   .Rproj.user/79FC296B/sources/s-A5C5546A/4BF07B85-contents[m
	[31mmodified:   .Rproj.user/79FC296B/sources/s-A5C5546A/F4F87C68[m
	[31mmodified:   .Rproj.user/79FC296B/sources/s-A5C5546A/F4F87C68-contents[m
	[31mmodified:   .Rproj.user/shared/notebooks/paths[m
	[31mmodified:   Controller.R[m

Untracked files:
  (use "git add <file>..." to include in what will be committed)

	[31m.DS_Store[m
	[31m.Rproj.user/.DS_Store[m
	[31m.Rproj.user/79FC296B/sources/prop/1745F743[m
	[31m.Rproj.user/79FC296B/sources/prop/5AB2A1E2[m
	[31m.Rproj.user/79FC296B/sources/s-A5C5546A/51E28F70[m
	[31m.Rproj.user/79FC296B/sources/s-A5C5546A/51E28F70-contents[m
	[31m.Rproj.user/79FC296B/sources/s-A5C5546A/6EB4EF45-contents[m

no changes added to commit (use "git add" and/or "git commit -a")
]0;~/Desktop/Flaredown Prediction/Flaredown-PredictionCassandras-MacBook-Air:Flaredown-Prediction cassandrabayer$ git add .
]0;~/Desktop/Flaredown Prediction/Flaredown-PredictionCassandras-MacBook-Air:Flaredown-Prediction cassandrabayer$ git commit -m "switched directories"
[master ab85e6c] switched directories
 17 files changed, 220 insertions(+), 19 deletions(-)
 create mode 100644 .DS_Store
 create mode 100644 .Rproj.user/.DS_Store
 create mode 100644 .Rproj.user/79FC296B/sources/prop/1745F743
 create mode 100644 .Rproj.user/79FC296B/sources/prop/5AB2A1E2
 create mode 100644 .Rproj.user/79FC296B/sources/s-A5C5546A/51E28F70
 create mode 100644 .Rproj.user/79FC296B/sources/s-A5C5546A/51E28F70-contents
 create mode 100644 .Rproj.user/79FC296B/sources/s-A5C5546A/6EB4EF45-contents
]0;~/Desktop/Flaredown Prediction/Flaredown-PredictionCassandras-MacBook-Air:Flaredown-Prediction cassandrabayer$ git add .
]0;~/Desktop/Flaredown Prediction/Flaredown-PredictionCassandras-MacBook-Air:Flaredown-Prediction cassandrabayer$ git commit -m "added arima
> git commit -m "added arima
]0;~/Desktop/Flaredown Prediction/Flaredown-PredictionCassandras-MacBook-Air:Flaredown-Prediction cassandrabayer$ git commit -m "added arima"
[master c9f964f] added arima
 9 files changed, 24 insertions(+), 11 deletions(-)
]0;~/Desktop/Flaredown Prediction/Flaredown-PredictionCassandras-MacBook-Air:Flaredown-Prediction cassandrabayer$ git add .
]0;~/Desktop/Flaredown Prediction/Flaredown-PredictionCassandras-MacBook-Air:Flaredown-Prediction cassandrabayer$ git o[Kcommit -m "ud[Kpdated"
[master fb0287c] updated
 11 files changed, 144 insertions(+), 10 deletions(-)
 create mode 100644 .Rproj.user/79FC296B/sources/prop/9A01AF05
 create mode 100644 .Rproj.user/79FC296B/sources/prop/D47A2D21
 create mode 100644 arima.R
 create mode 100644 timeseries.R
]0;~/Desktop/Flaredown Prediction/Flaredown-PredictionCassandras-MacBook-Air:Flaredown-Prediction cassandrabayer$ [KCassandras-MacBook-Air:Flaredown-Prediction cassandrabayer$ [KCassandras-MacBook-Air:Flaredown-Prediction cassandrabayer$ [KCassandras-MacBook-Air:Flaredown-Prediction cassandrabayer$ git status
On branch master
Your branch is up-to-date with 'origin/master'.
Changes not staged for commit:
  (use "git add <file>..." to update what will be committed)
  (use "git checkout -- <file>..." to discard changes in working directory)

	[31mmodified:   .DS_Store[m
	[31mmodified:   .Rproj.user/.DS_Store[m
	[31mmodified:   .Rproj.user/79FC296B/console06/623F3524[m
	[31mmodified:   .Rproj.user/79FC296B/console06/INDEX001[m
	[31mmodified:   .Rproj.user/79FC296B/sources/prop/9A01AF05[m
	[31mmodified:   .Rproj.user/79FC296B/sources/prop/D47A2D21[m
	[31mmodified:   .Rproj.user/79FC296B/sources/s-A5C5546A/51E28F70[m
	[31mmodified:   .Rproj.user/79FC296B/sources/s-A5C5546A/51E28F70-contents[m
	[31mmodified:   .Rproj.user/79FC296B/sources/s-A5C5546A/F4F87C68[m
	[31mmodified:   arima.R[m

no changes added to commit (use "git add" and/or "git commit -a")
]0;~/Desktop/Flaredown Prediction/Flaredown-PredictionCassandras-MacBook-Air:Flaredown-Prediction cassandrabayer$ git add .
]0;~/Desktop/Flaredown Prediction/Flaredown-PredictionCassandras-MacBook-Air:Flaredown-Prediction cassandrabayer$ git [K commit -m "got through ta[Kesting fo r seasonality"
[master d819648] got through testing for seasonality
 10 files changed, 157 insertions(+), 18 deletions(-)
]0;~/Desktop/Flaredown Prediction/Flaredown-PredictionCassandras-MacBook-Air:Flaredown-Prediction cassandrabayer$ git push origin master
git: 'credential-C17a20K22!' is not a git command. See 'git --help'.
Counting objects: 17, done.
Delta compression using up to 4 threads.
Compressing objects:   5% (1/17)   Compressing objects:  11% (2/17)   Compressing objects:  17% (3/17)   Compressing objects:  23% (4/17)   Compressing objects:  29% (5/17)   Compressing objects:  35% (6/17)   Compressing objects:  41% (7/17)   Compressing objects:  47% (8/17)   Compressing objects:  52% (9/17)   Compressing objects:  58% (10/17)   Compressing objects:  64% (11/17)   Compressing objects:  70% (12/17)   Compressing objects:  76% (13/17)   Compressing objects:  82% (14/17)   Compressing objects:  88% (15/17)   Compressing objects:  94% (16/17)   Compressing objects: 100% (17/17)   Compressing objects: 100% (17/17), done.
Writing objects:   5% (1/17)   Writing objects:  11% (2/17)   Writing objects:  17% (3/17)   Writing objects:  23% (4/17)   Writing objects:  29% (5/17)   Writing objects:  35% (6/17)   Writing objects:  41% (7/17)   Writing objects:  47% (8/17)   Writing objects:  52% (9/17)   Writing objects:  58% (10/17)   Writing objects:  64% (11/17)   Writing objects:  70% (12/17)   Writing objects:  76% (13/17)   Writing objects:  82% (14/17)   Writing objects:  88% (15/17)   Writing objects:  94% (16/17)   Writing objects: 100% (17/17)   Writing objects: 100% (17/17), 2.67 KiB | 0 bytes/s, done.
Total 17 (delta 11), reused 0 (delta 0)
remote: Resolving deltas:   0% (0/11)   [Kremote: Resolving deltas:   9% (1/11)   [Kremote: Resolving deltas:  18% (2/11)   [Kremote: Resolving deltas:  27% (3/11)   [Kremote: Resolving deltas:  36% (4/11)   [Kremote: Resolving deltas:  45% (5/11)   [Kremote: Resolving deltas:  54% (6/11)   [Kremote: Resolving deltas:  63% (7/11)   [Kremote: Resolving deltas:  72% (8/11)   [Kremote: Resolving deltas:  81% (9/11)   [Kremote: Resolving deltas:  90% (10/11)   [Kremote: Resolving deltas: 100% (11/11)   [Kremote: Resolving deltas: 100% (11/11), completed with 11 local objects.[K
To https://github.com/cassandrabayer/Flaredown-Prediction.git
   fb0287c..d819648  master -> master
]0;~/Desktop/Flaredown Prediction/Flaredown-PredictionCassandras-MacBook-Air:Flaredown-Prediction cassandrabayer$ 